###############################################################################
#
# IAR ELF Linker V3.11.1.207 for STM8                     26/Jul/2019  10:14:27
# Copyright 2010-2019 IAR Systems AB.
#
#    Output file  =  D:\FPT Internship\User_lqhaiii\RTOS\Debug\Exe\rtos.out
#    Map file     =  D:\FPT Internship\User_lqhaiii\RTOS\Debug\List\rtos.map
#    Command line =  
#        -f C:\Users\HERA~1.FGA\AppData\Local\Temp\EW6A64.tmp ("D:\FPT
#        Internship\User_lqhaiii\RTOS\Debug\Obj\gpio.o" "D:\FPT
#        Internship\User_lqhaiii\RTOS\Debug\Obj\lcd.o" "D:\FPT
#        Internship\User_lqhaiii\RTOS\Debug\Obj\main.o" "D:\FPT
#        Internship\User_lqhaiii\RTOS\Debug\Obj\uart.o" --redirect
#        _Printf=_PrintfFullNoMb --redirect _Scanf=_ScanfFullNoMb
#        --no_out_extension -o "D:\FPT
#        Internship\User_lqhaiii\RTOS\Debug\Exe\rtos.out" --map "D:\FPT
#        Internship\User_lqhaiii\RTOS\Debug\List\rtos.map" --config "C:\Program
#        Files (x86)\IAR Systems\Embedded Workbench
#        8.3\stm8\config\lnkstm8l152c6.icf" --config_def _CSTACK_SIZE=0x100
#        --config_def _HEAP_SIZE=0x100 --entry __iar_program_start --debug_lib)
#
###############################################################################

*******************************************************************************
*** RUNTIME MODEL ATTRIBUTES
***

__SystemLibrary            = DLib
__code_model               = small
__core                     = stm8
__data_model               = medium
__dlib_file_descriptor     = 0
__dlib_full_locale_support = 0
__rt_version               = 4


*******************************************************************************
*** PLACEMENT SUMMARY
***

"A0":  place at start of [0x000000-0x0000ff] { rw section .vregs };
"A1":  place at end of [0x000000-0x0007ff] { block CSTACK };
"A2":  place at start of [0x008000-0x00ffff] { block INTVEC };
"P3":  place in [from 0x008000 to 0x00ffff] {
          ro section __DLIB_PERTHREAD_init, ro section .far.data_init,
          ro section .far_func.textrw_init, ro section .huge.data_init,
          ro section .huge_func.textrw_init, ro section .iar.init_table,
          ro section .init_array, ro section .near.data_init,
          ro section .near.rodata, ro section .near_func.text,
          ro section .near_func.textrw_init, ro section .tiny.data_init,
          ro section .tiny.rodata_init };
"P4":  place in [from 0x008000 to 0x00ffff] {
          ro section .far.rodata, ro section .far_func.text };
"P5":  place in [from 0x008000 to 0x00ffff] {
          ro section .huge.rodata, ro section .huge_func.text };
do not initialize {
   rw section .eeprom.noinit, rw section .far.noinit, rw section .huge.noinit,
   rw section .near.noinit, rw section .tiny.noinit, rw section .vregs };

No sections matched the following patterns:

  ro section .far.data_init          in "P3-P5"
  ro section .far.rodata             in "P3-P5"
  ro section .far_func.text          in "P3-P5"
  ro section .far_func.textrw_init   in "P3-P5"
  ro section .huge.data_init         in "P3-P5"
  ro section .huge.rodata            in "P3-P5"
  ro section .huge_func.text         in "P3-P5"
  ro section .huge_func.textrw_init  in "P3-P5"
  ro section .iar.init_table         in "P3-P5"
  ro section .init_array             in "P3-P5"
  ro section .near.data_init         in "P3-P5"
  ro section .near.rodata            in "P3-P5"
  ro section .near_func.textrw_init  in "P3-P5"
  ro section .tiny.data_init         in "P3-P5"
  ro section .tiny.rodata_init       in "P3-P5"
  ro section __DLIB_PERTHREAD_init   in "P3-P5"
  rw section .far.bss                in "P2"
  rw section .far.data               in "P2"
  rw section .far.noinit             in "P2"
  rw section .far_func.textrw        in "P2"
  rw section .huge.bss               in "P2"
  rw section .huge.data              in "P2"
  rw section .huge.noinit            in "P2"
  rw section .huge_func.textrw       in "P2"
  rw section .iar.dynexit            in "P2"
  rw section .near.bss               in "P2"
  rw section .near.data              in "P2"
  rw section .near.noinit            in "P2"
  rw section .near_func.textrw       in "P2"
  rw section .tiny.bss               in "P1"
  rw section .tiny.data              in "P1"
  rw section .tiny.noinit            in "P1"
  rw section .tiny.rodata            in "P1"
  rw section __DLIB_PERTHREAD        in "P2"
  section .eeprom.data               in "P6-P8"
  section .eeprom.noinit             in "P6-P8"
  section .eeprom.rodata             in "P6-P8"


  Section          Kind      Address   Size  Object
  -------          ----      -------   ----  ------
"A0":                                   0xc
  .vregs           uninit   0x000000    0xc  vregs.o [4]
                          - 0x00000c    0xc

"A1":                                 0x100
  CSTACK                    0x000700  0x100  <Block>
    CSTACK         uninit   0x000700  0x100  <Block tail>
                          - 0x000800  0x100

"A2":                                  0x80
  INTVEC                    0x008000   0x80  <Block>
    .intvec        const    0x008000   0x80  interrupt.o [4]
                          - 0x008080   0x80

"P3-P5":                               0xca
  .near_func.text  ro code  0x008080   0x2d  main.o [1]
  .near_func.text  ro code  0x0080ad   0x18  vreg_util.o [4]
  .near_func.text  ro code  0x0080c5   0x15  main.o [1]
  .near_func.text  ro code  0x0080da   0x14  init.o [4]
  .near_func.text  ro code  0x0080ee   0x14  __dbg_xxexit.o [3]
  .near_func.text  ro code  0x008102   0x13  cstartup.o [4]
  .near_func.text  ro code  0x008115    0xd  main.o [1]
  .near_func.text  ro code  0x008122    0xd  main.o [1]
  .near_func.text  ro code  0x00812f    0x9  main.o [1]
  .near_func.text  ro code  0x008138    0x5  cexit.o [4]
  .near_func.text  ro code  0x00813d    0x3  interrupt.o [4]
  .near_func.text  ro code  0x008140    0x3  low_level_init.o [4]
  .near_func.text  ro code  0x008143    0x3  exit.o [4]
  .near_func.text  ro code  0x008146    0x3  unhandled_exception.o [4]
  .near_func.text  ro code  0x008149    0x1  __dbg_break.o [3]
                          - 0x00814a   0xca



*******************************************************************************
*** MODULE SUMMARY
***

    Module                 ro code  ro data  rw data
    ------                 -------  -------  -------
D:\FPT Internship\User_lqhaiii\RTOS\Debug\Obj: [1]
    main.o                     101
    ------------------------------------------------
    Total:                     101

command line: [2]
    ------------------------------------------------
    Total:

dbgstm8smd.a: [3]
    __dbg_break.o                1
    __dbg_xxexit.o              20
    ------------------------------------------------
    Total:                      21

dlstm8smn.a: [4]
    cexit.o                      5
    cstartup.o                  19
    exit.o                       3
    init.o                      20
    interrupt.o                  3      128
    low_level_init.o             3
    unhandled_exception.o        3
    vreg_util.o                 24
    vregs.o                                       12
    ------------------------------------------------
    Total:                      80      128       12

    Linker created                               256
----------------------------------------------------
    Grand Total:               202      128      268


*******************************************************************************
*** ENTRY LIST
***

Entry                    Address  Size  Type      Object
-----                    -------  ----  ----      ------
?b0                     0x000000        Data  Gb  vregs.o [4]
?b1                     0x000001        Data  Gb  vregs.o [4]
?b10                    0x00000a        Data  Gb  vregs.o [4]
?b11                    0x00000b        Data  Gb  vregs.o [4]
?b2                     0x000002        Data  Gb  vregs.o [4]
?b3                     0x000003        Data  Gb  vregs.o [4]
?b4                     0x000004        Data  Gb  vregs.o [4]
?b5                     0x000005        Data  Gb  vregs.o [4]
?b6                     0x000006        Data  Gb  vregs.o [4]
?b7                     0x000007        Data  Gb  vregs.o [4]
?b8                     0x000008        Data  Gb  vregs.o [4]
?b9                     0x000009        Data  Gb  vregs.o [4]
?e0                     0x000001        Data  Gb  vregs.o [4]
?e1                     0x000005        Data  Gb  vregs.o [4]
?e2                     0x000009        Data  Gb  vregs.o [4]
?l0                     0x000000        Data  Gb  vregs.o [4]
?l1                     0x000004        Data  Gb  vregs.o [4]
?l2                     0x000008        Data  Gb  vregs.o [4]
?push_w4                0x0080ad        Code  Gb  vreg_util.o [4]
?w0                     0x000000        Data  Gb  vregs.o [4]
?w1                     0x000002        Data  Gb  vregs.o [4]
?w2                     0x000004        Data  Gb  vregs.o [4]
?w3                     0x000006        Data  Gb  vregs.o [4]
?w4                     0x000008        Data  Gb  vregs.o [4]
?w5                     0x00000a        Data  Gb  vregs.o [4]
CLK_config              0x00812f   0x9  Code  Gb  main.o [1]
CSTACK$$Base            0x000700         --   Gb  - Linker created -
CSTACK$$Limit           0x000800         --   Gb  - Linker created -
EXTI1_int_handler       0x008122   0xd  Code  Gb  main.o [1]
INTVEC$$Base            0x008000         --   Gb  - Linker created -
INTVEC$$Limit           0x008080         --   Gb  - Linker created -
Region$$Table$$Base   0x00000000         --   Gb  - Linker created -
Region$$Table$$Limit  0x00000000         --   Gb  - Linker created -
TIM1_config             0x0080c5  0x15  Code  Gb  main.o [1]
TIM1_int_handler        0x008115   0xd  Code  Gb  main.o [1]
__DebugBreak            0x008149   0x1  Code  Gb  __dbg_break.o [3]
__exit                  0x0080ee  0x14  Code  Gb  __dbg_xxexit.o [3]
__iar_data_init2        0x0080da  0x14  Code  Gb  init.o [4]
__iar_program_start     0x008102        Code  Gb  cstartup.o [4]
__iar_unhandled_exception
                        0x008146        Code  Gb  unhandled_exception.o [4]
__intvec                0x008000        Data  Gb  interrupt.o [4]
__low_level_init        0x008140   0x3  Code  Gb  low_level_init.o [4]
_exit                   0x008138        Code  Gb  cexit.o [4]
_interrupt_11           0x008122        Code  Gb  main.o [1]
_interrupt_25           0x008115        Code  Gb  main.o [1]
exit                    0x008143   0x3  Code  Gb  exit.o [4]
main                    0x008080  0x2d  Code  Gb  main.o [1]


[1] = D:\FPT Internship\User_lqhaiii\RTOS\Debug\Obj
[2] = command line
[3] = dbgstm8smd.a
[4] = dlstm8smn.a

  202 bytes of readonly  code memory
  128 bytes of readonly  data memory
  268 bytes of readwrite data memory

Errors: none
Warnings: none
